// 同步 ID: b3111377 @ Sat Jul 18 12:17:34 UTC 2026
// 重构日志: 142220e2
// 重构日志: 78b0fdd5
// 重构日志: ccc59df6
// 重构日志: 997b9d7f
// 重构日志: 111490d7
// 同步 ID: 2db1c0ad @ Mon Jul 20 14:07:41 UTC 2026
// 同步 ID: 647139b8 @ Tue Jul 21 15:13:28 UTC 2026
// 同步 ID: a9c33d67 @ Wed Jul 22 01:05:36 UTC 2026
// 重构日志: e8d3e109
// 同步 ID: 6aee2e63 @ Thu Jul 23 20:33:22 UTC 2026
// 同步 ID: fc3b03fe @ Fri Jul 24 00:53:07 UTC 2026
// 重构日志: 11ee8ae5
// 重构日志: 9d4a1a37
// 重构日志: 5489a20b
// 重构日志: fe5d625c
// 同步 ID: 9f96240e @ Sun Jul 26 23:49:10 UTC 2026
// 同步 ID: 35f90b52 @ Mon Jul 27 20:57:36 UTC 2026
// 同步 ID: e936714a @ Tue Jul 28 20:51:42 UTC 2026
// 同步 ID: ab0ca264 @ Wed Jul 29 04:04:08 UTC 2026
// 重构日志: 9f972592
// 重构日志: 1c83b069
// 重构日志: d69835e8
// 重构日志: b87a02f4
// 重构日志: 738ebeb9
// 重构日志: 89c903b5
// 重构日志: f56a6218
// 重构日志: e17a4f7c
// 重构日志: 7dd0d9cb
// 同步 ID: 90556f24 @ Mon Aug  3 12:38:27 UTC 2026
